// Jest Snapshot v1, https://goo.gl/fbAQLP

exports[`Favourites Snapshot 1`] = `""`;
